// Jest Snapshot v1, https://goo.gl/fbAQLP

exports[`Home renders correctly 1`] = `"<div class=\\"container pt-4 pb-4\\"><section><h2>People</h2> <div class=\\"d-flex flex-wrap\\"></div> <div class=\\"d-flex flex-row justify-content-center btn-group\\"><button id=\\"previousPage\\" class=\\"btn btn-secondary disabled\\">Previous</button> <button id=\\"pageNumber\\" class=\\"btn btn-secondary disabled\\">1</button> <button id=\\"nextPage\\" class=\\"btn btn-secondary disabled\\">Next</button></div></section></div>"`;
